Unity Editor version:    6000.3.9f1 (7a9955a4f2fa)
Branch:                  6000.3/staging
Build type:              Release
Batch mode:              YES
macOS version:           Version 26.3 (Build 25D125)
Darwin version:          25.3.0
Architecture:            arm64
Running under Rosetta:   NO
Available memory:        65536 MB
Date:                    2026-02-21T01:58:27Z
[Licensing::Module] Trying to connect to existing licensing client channel...
[Licensing::IpcConnector] Successfully connected to: "LicenseClient-njblost" at "2026-02-21T01:58:27.623939Z"

COMMAND LINE ARGUMENTS:
/Applications/Unity/Hub/Editor/6000.3.9f1/Unity.app/Contents/MacOS/Unity
-adb2
-batchMode
-noUpm
-name
AssetImportWorker2
-projectPath
/Users/njblost/GitHub/Unity-C-sharp/Duck Game Experimental
-logFile
Logs/AssetImportWorker2.log
-srvPort
50063
-licensingIpc
LicenseClient-njblost
-job-worker-count
7
-background-job-worker-count
8
-gc-helper-count
1
-name AssetImport
Successfully changed project path to: /Users/njblost/GitHub/Unity-C-sharp/Duck Game Experimental
/Users/njblost/GitHub/Unity-C-sharp/Duck Game Experimental
[UnityMemory] Configuration Parameters - Can be set up in boot.config
    "memorysetup-allocator-temp-initial-block-size-main=262144"
    "memorysetup-allocator-temp-initial-block-size-worker=262144"
    "memorysetup-temp-allocator-size-background-worker=32768"
    "memorysetup-temp-allocator-size-job-worker=262144"
    "memorysetup-temp-allocator-size-preload-manager=33554432"
    "memorysetup-temp-allocator-size-nav-mesh-worker=65536"
    "memorysetup-temp-allocator-size-audio-worker=65536"
    "memorysetup-temp-allocator-size-cloud-worker=32768"
    "memorysetup-bucket-allocator-granularity=16"
    "memorysetup-bucket-allocator-bucket-count=8"
    "memorysetup-bucket-allocator-block-size=33554432"
    "memorysetup-bucket-allocator-block-count=8"
    "memorysetup-main-allocator-block-size=16777216"
    "memorysetup-thread-allocator-block-size=16777216"
    "memorysetup-gfx-main-allocator-block-size=16777216"
    "memorysetup-gfx-thread-allocator-block-size=16777216"
    "memorysetup-cache-allocator-block-size=4194304"
    "memorysetup-typetree-allocator-block-size=2097152"
    "memorysetup-profiler-bucket-allocator-granularity=16"
    "memorysetup-profiler-bucket-allocator-bucket-count=8"
    "memorysetup-profiler-bucket-allocator-block-size=33554432"
    "memorysetup-profiler-bucket-allocator-block-count=8"
    "memorysetup-profiler-allocator-block-size=16777216"
    "memorysetup-profiler-editor-allocator-block-size=1048576"
    "memorysetup-temp-allocator-size-main=16777216"
    "memorysetup-job-temp-allocator-block-size=2097152"
    "memorysetup-job-temp-allocator-block-size-background=1048576"
    "memorysetup-job-temp-allocator-reduction-small-platforms=262144"
    "memorysetup-temp-allocator-size-gi-baking-worker=262144"
    "memorysetup-temp-allocator-size-gi-baking-worker=262144"
    "memorysetup-temp-allocator-size-gi-baking-worker=262144"
    "memorysetup-temp-allocator-size-gi-baking-worker=262144"
    "memorysetup-temp-allocator-size-gi-baking-worker=262144"
    "memorysetup-temp-allocator-size-gfx=262144"
Player connection [8758866048]  Target information:

Player connection [8758866048]  * "[IP] 192.168.68.83 [Port] 0 [Flags] 2 [Guid] 1289653775 [EditorId] 1289653775 [Version] 1048832 [Id] OSXEditor(0,NJSMS4.local) [Debug] 1 [PackageName] OSXEditor [ProjectName] Editor" 

Player connection [8758866048] Host joined multi-casting on [225.0.0.222:54997]...
Player connection [8758866048] Host joined alternative multi-casting on [225.0.0.222:34997]...
JobSystem: Creating JobQueue using job-worker-count value 7
Input System module state changed to: Initialized.
[Physics::Module] Initialized fallback backend.
[Physics::Module] Id: 0xdecafbad
Library Redirect Path: Library/
[Physics::Module] Selected backend.
[Physics::Module] Name: PhysX
[Physics::Module] Id: 0xf2b8ea05
[Physics::Module] SDK Version: 4.1.2
[Physics::Module] Integration Version: 1.0.0
[Physics::Module] Threading Mode: Multi-Threaded
Refreshing native plugins compatible for Editor in 2.28 ms, found 1 plugins.
Preloading 0 native plugins for Editor in 0.00 ms.
Initialize engine version: 6000.3.9f1 (7a9955a4f2fa)
[Subsystems] Discovering subsystems at path /Applications/Unity/Hub/Editor/6000.3.9f1/Unity.app/Contents/Resources/UnitySubsystems
[Subsystems] Discovering subsystems at path /Users/njblost/GitHub/Unity-C-sharp/Duck Game Experimental/Assets
GfxDevice: creating device client; kGfxThreadingModeNonThreaded
[Licensing::Client] Handshaking with LicensingClient:
  Version:                 1.17.4+4293ba1
  Session Id:              79cdc75b417b4d18889d3c9428d1015f
  Correlation Id:          d93045105b0909226fc45d7849c16b77
  External correlation Id: 1087069129323983260
  Machine Id:              e+BY92tPuMkyqGh88SU+MDC6QXI=
[Licensing::Module] Successfully connected to LicensingClient on channel: "LicenseClient-njblost" (connect: 0.00s, validation: 0.00s, handshake: 0.25s)
[Licensing::IpcConnector] Successfully connected to: "LicenseClient-njblost-notifications" at "2026-02-21T01:58:27.869757Z"
[Licensing::Module] Licensing Background thread has ended after 0.25s
 preferred device: Apple M4 Max (high power)
Metal devices available: 1
0: Apple M4 Max (high power)
Using device Apple M4 Max (high power)
Initializing Metal device caps: Apple M4 Max
Mac GPU Family: 2
Apple GPU Family: 9
MSL Version: 3.0
Has Float MSAA: 1
Has Float Filtering: 1
ReadWrite Texture Tier: 2
Initialize mono
Mono path[0] = '/Applications/Unity/Hub/Editor/6000.3.9f1/Unity.app/Contents/Resources/Scripting/Managed'
Mono path[1] = '/Applications/Unity/Hub/Editor/6000.3.9f1/Unity.app/Contents/Resources/Scripting/MonoBleedingEdge/lib/mono/unityjit-macos'
Mono config path = '/Applications/Unity/Hub/Editor/6000.3.9f1/Unity.app/Contents/Resources/Scripting/MonoBleedingEdge/etc'
Using monoOptions --debugger-agent=transport=dt_socket,embedding=1,server=y,suspend=n,address=127.0.0.1:56852
Begin MonoManager ReloadAssembly
Registering precompiled unity dll's ...
Register platform support module: /Applications/Unity/Hub/Editor/6000.3.9f1/Unity.app/Contents/PlaybackEngines/MacStandaloneSupport/UnityEditor.OSXStandalone.Extensions.dll
Registered in 0.000289 seconds.
- Loaded All Assemblies, in  0.177 seconds
Native extension for OSXStandalone target not found
ScheduleIndexationOnStartup MainProcess:False IndexOnStartup:True
Mono: successfully reloaded assembly
- Finished resetting the current domain, in  0.236 seconds
Domain Reload Profiling: 414ms
	BeginReloadAssembly (37ms)
		ExecutionOrderSort (0ms)
		DisableScriptedObjects (0ms)
		BackupInstance (0ms)
		ReleaseScriptingObjects (0ms)
		CreateAndSetChildDomain (0ms)
	RebuildCommonClasses (19ms)
	RebuildNativeTypeToScriptingClass (8ms)
	initialDomainReloadingComplete (21ms)
	LoadAllAssembliesAndSetupDomain (93ms)
		LoadAssemblies (37ms)
		RebuildTransferFunctionScriptingTraits (0ms)
		AnalyzeDomain (91ms)
			TypeCache.Refresh (90ms)
				TypeCache.ScanAssembly (83ms)
			BuildScriptInfoCaches (0ms)
			ResolveRequiredComponents (0ms)
	FinalizeReload (236ms)
		ReleaseScriptCaches (0ms)
		RebuildScriptCaches (0ms)
		SetupLoadedEditorAssemblies (211ms)
			LogAssemblyErrors (0ms)
			InitializePlatformSupportModulesInManaged (25ms)
			SetLoadedEditorAssemblies (3ms)
			BeforeProcessingInitializeOnLoad (52ms)
			ProcessInitializeOnLoadAttributes (84ms)
			ProcessInitializeOnLoadMethodAttributes (47ms)
			AfterProcessingInitializeOnLoad (0ms)
			EditorAssembliesLoaded (0ms)
		ExecutionOrderSort2 (0ms)
		AwakeInstancesAfterBackupRestoration (0ms)
Assembly reference Packages/com.unity.cinemachine/Editor/Samples/ExposeHDRPInternals/HDRP-Editor-ref.asmref has no target assembly definition
[CoreBusinessMetrics] Unexpected thread when updating session info.
========================================================================
Worker process is ready to serve import requests
Import Worker Mode flag is 0x00
Assembly reference Packages/com.unity.cinemachine/Editor/Samples/ExposeHDRPInternals/HDRP-Editor-ref.asmref has no target assembly definition
Assembly reference Packages/com.unity.cinemachine/Editor/Samples/ExposeHDRPInternals/HDRP-Editor-ref.asmref has no target assembly definition
Begin MonoManager ReloadAssembly
[Licensing::Client] Successfully resolved entitlement details
[Licensing::Module] License group:
  Id: 16767753109163-UnityPersXXXX
  Product: Unity Personal
  Type: Assigned
  Expiration: Unlimited
- Loaded All Assemblies, in  0.273 seconds
Assembly reference Packages/com.unity.cinemachine/Editor/Samples/ExposeHDRPInternals/HDRP-Editor-ref.asmref has no target assembly definition
'Packages/com.unity.cinemachine/Editor/Obsolete/CinemachineVirtualCameraBaseEditor.cs' contains partial class of Unity.Object, exactly 1 of the partial classes needs to be in a file with the same filename. This is to know the one that can be referenced from ie. GameObjects
'Packages/com.unity.cinemachine/Editor/Editors/CinemachineVirtualCameraBaseEditor.cs' contains partial class of Unity.Object, exactly 1 of the partial classes needs to be in a file with the same filename. This is to know the one that can be referenced from ie. GameObjects
Refreshing native plugins compatible for Editor in 0.23 ms, found 1 plugins.
Native extension for OSXStandalone target not found
Assembly reference Packages/com.unity.cinemachine/Editor/Samples/ExposeHDRPInternals/HDRP-Editor-ref.asmref has no target assembly definition
Package Manager log level set to [2]
[Package Manager] Failed to launch server process. Reason: Unity was launched with the -noUpm command-line argument
[Package Manager] Unable to send message (not connected to server process).
[Package Manager] Cannot connect to Unity Package Manager local server
[Package Manager] Failed to launch server process. Reason: Unity was launched with the -noUpm command-line argument
[Package Manager] Unable to send message (not connected to server process).
[Package Manager] Cannot connect to Unity Package Manager local server
ScheduleIndexationOnStartup MainProcess:False IndexOnStartup:True
Mono: successfully reloaded assembly
- Finished resetting the current domain, in  0.263 seconds
Domain Reload Profiling: 536ms
	BeginReloadAssembly (62ms)
		ExecutionOrderSort (0ms)
		DisableScriptedObjects (3ms)
		BackupInstance (0ms)
		ReleaseScriptingObjects (0ms)
		CreateAndSetChildDomain (12ms)
	RebuildCommonClasses (20ms)
	RebuildNativeTypeToScriptingClass (7ms)
	initialDomainReloadingComplete (18ms)
	LoadAllAssembliesAndSetupDomain (166ms)
		LoadAssemblies (106ms)
		RebuildTransferFunctionScriptingTraits (0ms)
		AnalyzeDomain (85ms)
			TypeCache.Refresh (61ms)
				TypeCache.ScanAssembly (53ms)
			BuildScriptInfoCaches (19ms)
			ResolveRequiredComponents (3ms)
	FinalizeReload (263ms)
		ReleaseScriptCaches (0ms)
		RebuildScriptCaches (0ms)
		SetupLoadedEditorAssemblies (210ms)
			LogAssemblyErrors (0ms)
			InitializePlatformSupportModulesInManaged (1ms)
			SetLoadedEditorAssemblies (3ms)
			BeforeProcessingInitializeOnLoad (81ms)
			ProcessInitializeOnLoadAttributes (99ms)
			ProcessInitializeOnLoadMethodAttributes (26ms)
			AfterProcessingInitializeOnLoad (1ms)
			EditorAssembliesLoaded (0ms)
		ExecutionOrderSort2 (0ms)
		AwakeInstancesAfterBackupRestoration (1ms)
Launching external process: /Applications/Unity/Hub/Editor/6000.3.9f1/Unity.app/Contents/Helpers/UnityShaderCompiler
Launched and connected shader compiler UnityShaderCompiler after 0.02 seconds
Refreshing native plugins compatible for Editor in 0.29 ms, found 1 plugins.
Preloading 0 native plugins for Editor in 0.00 ms.
Unloading 1 Unused Serialized files (Serialized files now loaded: 0)
Unloading 4493 unused Assets / (1.1 MB). Loaded Objects now: 5097.
Memory consumption went from 100.5 MB to 99.4 MB.
Total: 4.688500 ms (FindLiveObjects: 0.396000 ms CreateObjectMapping: 0.088125 ms MarkObjects: 3.732084 ms  DeleteObjects: 0.472041 ms)

========================================================================
Received Import Request.
  Time since last request: 499682.638818 seconds.
  path: Assets/Sprites/Tiles/Outdoors
  artifactKey: Guid(8be63be1602904455b2c17edcccc5596) Importer(815301076,1909f56bfc062723c751e8b465ee728b)
Start importing Assets/Sprites/Tiles/Outdoors using Guid(8be63be1602904455b2c17edcccc5596) Importer(815301076,1909f56bfc062723c751e8b465ee728b) (PreviewImporter) -> (artifact id: '67de06154be0b826e350afae0ebbf663') in 0.002691083 seconds
Number of updated asset objects reloaded before import = 0Number of asset objects unloaded after import = 0

========================================================================
Received Import Request.
  Time since last request: 0.080088 seconds.
  path: Assets/Sprites/Tiles/Outdoors/Topdown RPG 32x32 - Bushes 1.1_0.asset
  artifactKey: Guid(58709b917b96d4aaa9af141d4d0c1483) Importer(815301076,1909f56bfc062723c751e8b465ee728b)
Start importing Assets/Sprites/Tiles/Outdoors/Topdown RPG 32x32 - Bushes 1.1_0.asset using Guid(58709b917b96d4aaa9af141d4d0c1483) Importer(815301076,1909f56bfc062723c751e8b465ee728b) (PreviewImporter) -> (artifact id: 'a448b698b734afed5a50f02e05056e6a') in 0.076923917 seconds
Number of updated asset objects reloaded before import = 0Number of asset objects unloaded after import = 3

========================================================================
Received Import Request.
  Time since last request: 0.764267 seconds.
  path: Assets/Sprites/Tiles/Outdoors/Topdown RPG 32x32 - Bushes 1.1_37.asset
  artifactKey: Guid(e3e353c3a0fca4a04a3fc940df51056b) Importer(815301076,1909f56bfc062723c751e8b465ee728b)
Start importing Assets/Sprites/Tiles/Outdoors/Topdown RPG 32x32 - Bushes 1.1_37.asset using Guid(e3e353c3a0fca4a04a3fc940df51056b) Importer(815301076,1909f56bfc062723c751e8b465ee728b) (PreviewImporter) -> (artifact id: 'fa1dc89386701884fae54c07465d26d9') in 0.002690333 seconds
Number of updated asset objects reloaded before import = 0Number of asset objects unloaded after import = 3

========================================================================
Received Import Request.
  Time since last request: 0.000029 seconds.
  path: Assets/Sprites/Tiles/Outdoors/Topdown RPG 32x32 - Bushes 1.1_45.asset
  artifactKey: Guid(fdcfb68e9e1e94297971304ac397c7c1) Importer(815301076,1909f56bfc062723c751e8b465ee728b)
Start importing Assets/Sprites/Tiles/Outdoors/Topdown RPG 32x32 - Bushes 1.1_45.asset using Guid(fdcfb68e9e1e94297971304ac397c7c1) Importer(815301076,1909f56bfc062723c751e8b465ee728b) (PreviewImporter) -> (artifact id: 'a34de8452a04ccff24e56ddb756da259') in 0.002247709 seconds
Number of updated asset objects reloaded before import = 0Number of asset objects unloaded after import = 3

========================================================================
Received Import Request.
  Time since last request: 0.000027 seconds.
  path: Assets/Sprites/Tiles/Outdoors/Topdown RPG 32x32 - Bushes 1.1_42.asset
  artifactKey: Guid(5f242b38b1cff45698c151a07cb359f9) Importer(815301076,1909f56bfc062723c751e8b465ee728b)
Start importing Assets/Sprites/Tiles/Outdoors/Topdown RPG 32x32 - Bushes 1.1_42.asset using Guid(5f242b38b1cff45698c151a07cb359f9) Importer(815301076,1909f56bfc062723c751e8b465ee728b) (PreviewImporter) -> (artifact id: '3ce81b7f41ee4ccff1692faed26372d7') in 0.002045292 seconds
Number of updated asset objects reloaded before import = 0Number of asset objects unloaded after import = 3

========================================================================
Received Import Request.
  Time since last request: 0.000031 seconds.
  path: Assets/Sprites/Tiles/Outdoors/Topdown RPG 32x32 - Bushes 1.1_48.asset
  artifactKey: Guid(ac5c60f14d691491cae1611cc6f4ca32) Importer(815301076,1909f56bfc062723c751e8b465ee728b)
Start importing Assets/Sprites/Tiles/Outdoors/Topdown RPG 32x32 - Bushes 1.1_48.asset using Guid(ac5c60f14d691491cae1611cc6f4ca32) Importer(815301076,1909f56bfc062723c751e8b465ee728b) (PreviewImporter) -> (artifact id: 'b01524fce401a27927e9e41e7ee8d33d') in 0.002296625 seconds
Number of updated asset objects reloaded before import = 0Number of asset objects unloaded after import = 3

========================================================================
Received Import Request.
  Time since last request: 0.000036 seconds.
  path: Assets/Sprites/Tiles/Outdoors/Topdown RPG 32x32 - Bushes 1.1_52.asset
  artifactKey: Guid(6b31e4fb97a654284af6ca86953435a2) Importer(815301076,1909f56bfc062723c751e8b465ee728b)
Start importing Assets/Sprites/Tiles/Outdoors/Topdown RPG 32x32 - Bushes 1.1_52.asset using Guid(6b31e4fb97a654284af6ca86953435a2) Importer(815301076,1909f56bfc062723c751e8b465ee728b) (PreviewImporter) -> (artifact id: 'f2986ff497883cb7615049b50d43bc4a') in 0.001807833 seconds
Number of updated asset objects reloaded before import = 0Number of asset objects unloaded after import = 3

========================================================================
Received Import Request.
  Time since last request: 0.000027 seconds.
  path: Assets/Sprites/Tiles/Outdoors/Topdown RPG 32x32 - Bushes 1.1_51.asset
  artifactKey: Guid(ec9d573e8b1cf4e6b94a1c455990ac70) Importer(815301076,1909f56bfc062723c751e8b465ee728b)
Start importing Assets/Sprites/Tiles/Outdoors/Topdown RPG 32x32 - Bushes 1.1_51.asset using Guid(ec9d573e8b1cf4e6b94a1c455990ac70) Importer(815301076,1909f56bfc062723c751e8b465ee728b) (PreviewImporter) -> (artifact id: '4ece0306cee5e7289aebd0bbe2959347') in 0.001888583 seconds
Number of updated asset objects reloaded before import = 0Number of asset objects unloaded after import = 3

========================================================================
Received Import Request.
  Time since last request: 0.018422 seconds.
  path: Assets/Sprites/Tiles/Outdoors/Topdown RPG 32x32 - Bushes 1.1_55.asset
  artifactKey: Guid(cd819d27e539a4dddb40a2605c79803c) Importer(815301076,1909f56bfc062723c751e8b465ee728b)
Start importing Assets/Sprites/Tiles/Outdoors/Topdown RPG 32x32 - Bushes 1.1_55.asset using Guid(cd819d27e539a4dddb40a2605c79803c) Importer(815301076,1909f56bfc062723c751e8b465ee728b) (PreviewImporter) -> (artifact id: 'cefaf4bdf51609b032c7d6b13e00dc00') in 0.002915917 seconds
Number of updated asset objects reloaded before import = 0Number of asset objects unloaded after import = 3

========================================================================
Received Import Request.
  Time since last request: 0.000046 seconds.
  path: Assets/Sprites/Tiles/Outdoors/Topdown RPG 32x32 - Bushes 1.1_68.asset
  artifactKey: Guid(92f251c429b8249628f4fbdab1e7c982) Importer(815301076,1909f56bfc062723c751e8b465ee728b)
Start importing Assets/Sprites/Tiles/Outdoors/Topdown RPG 32x32 - Bushes 1.1_68.asset using Guid(92f251c429b8249628f4fbdab1e7c982) Importer(815301076,1909f56bfc062723c751e8b465ee728b) (PreviewImporter) -> (artifact id: '9dffd12c5f99d4f2961d694cb2685f55') in 0.001878041 seconds
Number of updated asset objects reloaded before import = 0Number of asset objects unloaded after import = 3

========================================================================
Received Import Request.
  Time since last request: 0.000045 seconds.
  path: Assets/Sprites/Tiles/Outdoors/Topdown RPG 32x32 - Bushes 1.1_72.asset
  artifactKey: Guid(5ebaeb0a7cadd4874ad8e3cd7f3bc5c7) Importer(815301076,1909f56bfc062723c751e8b465ee728b)
Start importing Assets/Sprites/Tiles/Outdoors/Topdown RPG 32x32 - Bushes 1.1_72.asset using Guid(5ebaeb0a7cadd4874ad8e3cd7f3bc5c7) Importer(815301076,1909f56bfc062723c751e8b465ee728b) (PreviewImporter) -> (artifact id: 'fe1180bc2ddad86568311afe73b43980') in 0.001933292 seconds
Number of updated asset objects reloaded before import = 0Number of asset objects unloaded after import = 3

========================================================================
Received Import Request.
  Time since last request: 0.000023 seconds.
  path: Assets/Sprites/Tiles/Outdoors/Topdown RPG 32x32 - Bushes 1.1_63.asset
  artifactKey: Guid(aff1e539ee26c4a72a59d49211329149) Importer(815301076,1909f56bfc062723c751e8b465ee728b)
Start importing Assets/Sprites/Tiles/Outdoors/Topdown RPG 32x32 - Bushes 1.1_63.asset using Guid(aff1e539ee26c4a72a59d49211329149) Importer(815301076,1909f56bfc062723c751e8b465ee728b) (PreviewImporter) -> (artifact id: 'febf6a16d5f55965accb569a915f99a3') in 0.001853917 seconds
Number of updated asset objects reloaded before import = 0Number of asset objects unloaded after import = 3

========================================================================
Received Import Request.
  Time since last request: 0.000032 seconds.
  path: Assets/Sprites/Tiles/Outdoors/Topdown RPG 32x32 - Bushes 1.1_66.asset
  artifactKey: Guid(69eadbf2f171e4ff4b773bd15bb9f3a4) Importer(815301076,1909f56bfc062723c751e8b465ee728b)
Start importing Assets/Sprites/Tiles/Outdoors/Topdown RPG 32x32 - Bushes 1.1_66.asset using Guid(69eadbf2f171e4ff4b773bd15bb9f3a4) Importer(815301076,1909f56bfc062723c751e8b465ee728b) (PreviewImporter) -> (artifact id: 'eb8d3570f1676519306c64e75cc36087') in 0.002012417 seconds
Number of updated asset objects reloaded before import = 0Number of asset objects unloaded after import = 3

========================================================================
Received Import Request.
  Time since last request: 0.000027 seconds.
  path: Assets/Sprites/Tiles/Outdoors/Topdown RPG 32x32 - Bushes 1.1_60.asset
  artifactKey: Guid(2930b83a51b704ad185297fe0366b714) Importer(815301076,1909f56bfc062723c751e8b465ee728b)
Start importing Assets/Sprites/Tiles/Outdoors/Topdown RPG 32x32 - Bushes 1.1_60.asset using Guid(2930b83a51b704ad185297fe0366b714) Importer(815301076,1909f56bfc062723c751e8b465ee728b) (PreviewImporter) -> (artifact id: '9fe5a6f6c13a622916ab7411a4d6b763') in 0.001971167 seconds
Number of updated asset objects reloaded before import = 0Number of asset objects unloaded after import = 3

========================================================================
Received Import Request.
  Time since last request: 0.208403 seconds.
  path: Assets/Sprites/Tiles/Outdoors/Topdown RPG 32x32 - Bushes 1.1_73.asset
  artifactKey: Guid(c9caaf57c16e647fda8e3f9243381bd5) Importer(815301076,1909f56bfc062723c751e8b465ee728b)
Start importing Assets/Sprites/Tiles/Outdoors/Topdown RPG 32x32 - Bushes 1.1_73.asset using Guid(c9caaf57c16e647fda8e3f9243381bd5) Importer(815301076,1909f56bfc062723c751e8b465ee728b) (PreviewImporter) -> (artifact id: '153470f4216234a5d870f868f4c807e1') in 0.002394417 seconds
Number of updated asset objects reloaded before import = 0Number of asset objects unloaded after import = 3

========================================================================
Received Import Request.
  Time since last request: 0.000058 seconds.
  path: Assets/Sprites/Tiles/Outdoors/Topdown RPG 32x32 - Bushes 1.1_76.asset
  artifactKey: Guid(f6c7869425e7a4e199b2fbcced99c1ce) Importer(815301076,1909f56bfc062723c751e8b465ee728b)
Start importing Assets/Sprites/Tiles/Outdoors/Topdown RPG 32x32 - Bushes 1.1_76.asset using Guid(f6c7869425e7a4e199b2fbcced99c1ce) Importer(815301076,1909f56bfc062723c751e8b465ee728b) (PreviewImporter) -> (artifact id: 'b46410756cbc3556d9645188f68657a9') in 0.00215075 seconds
Number of updated asset objects reloaded before import = 0Number of asset objects unloaded after import = 3

========================================================================
Received Import Request.
  Time since last request: 0.000044 seconds.
  path: Assets/Sprites/Tiles/Outdoors/Topdown RPG 32x32 - Bushes 1.1_78.asset
  artifactKey: Guid(099fd6de679f6476fb2832c424e770b9) Importer(815301076,1909f56bfc062723c751e8b465ee728b)
Start importing Assets/Sprites/Tiles/Outdoors/Topdown RPG 32x32 - Bushes 1.1_78.asset using Guid(099fd6de679f6476fb2832c424e770b9) Importer(815301076,1909f56bfc062723c751e8b465ee728b) (PreviewImporter) -> (artifact id: '1ac3431a110a1630664f449182129d5d') in 0.001985792 seconds
Number of updated asset objects reloaded before import = 0Number of asset objects unloaded after import = 3

========================================================================
Received Import Request.
  Time since last request: 0.000025 seconds.
  path: Assets/Sprites/Tiles/Outdoors/Topdown RPG 32x32 - Bushes 1.1_82.asset
  artifactKey: Guid(59b0dbe1288e74f35a549d0e58cc3af6) Importer(815301076,1909f56bfc062723c751e8b465ee728b)
Start importing Assets/Sprites/Tiles/Outdoors/Topdown RPG 32x32 - Bushes 1.1_82.asset using Guid(59b0dbe1288e74f35a549d0e58cc3af6) Importer(815301076,1909f56bfc062723c751e8b465ee728b) (PreviewImporter) -> (artifact id: '28264240f8a29b466e2376f97ccd6a99') in 0.001532708 seconds
Number of updated asset objects reloaded before import = 0Number of asset objects unloaded after import = 3

========================================================================
Received Import Request.
  Time since last request: 0.000028 seconds.
  path: Assets/Sprites/Tiles/Outdoors/Topdown RPG 32x32 - Bushes 1.1_87.asset
  artifactKey: Guid(c14ea6a16bd9341e18aa97871d33cbd0) Importer(815301076,1909f56bfc062723c751e8b465ee728b)
Start importing Assets/Sprites/Tiles/Outdoors/Topdown RPG 32x32 - Bushes 1.1_87.asset using Guid(c14ea6a16bd9341e18aa97871d33cbd0) Importer(815301076,1909f56bfc062723c751e8b465ee728b) (PreviewImporter) -> (artifact id: '354ba1b915f3c3ab863f14b5450f34c0') in 0.002005291 seconds
Number of updated asset objects reloaded before import = 0Number of asset objects unloaded after import = 3

========================================================================
Received Import Request.
  Time since last request: 0.000030 seconds.
  path: Assets/Sprites/Tiles/Outdoors/Topdown RPG 32x32 - Bushes 1.1_89.asset
  artifactKey: Guid(c17e326fdda494365916091755c8210b) Importer(815301076,1909f56bfc062723c751e8b465ee728b)
Start importing Assets/Sprites/Tiles/Outdoors/Topdown RPG 32x32 - Bushes 1.1_89.asset using Guid(c17e326fdda494365916091755c8210b) Importer(815301076,1909f56bfc062723c751e8b465ee728b) (PreviewImporter) -> (artifact id: 'dc2ef2dd8aa608148d3025abca6a1fc0') in 0.002191916 seconds
Number of updated asset objects reloaded before import = 0Number of asset objects unloaded after import = 3

========================================================================
Received Import Request.
  Time since last request: 0.000028 seconds.
  path: Assets/Sprites/Tiles/Outdoors/Topdown RPG 32x32 - Bushes 1.1_92.asset
  artifactKey: Guid(d82940ecdb84346faafbf638fc1dccc2) Importer(815301076,1909f56bfc062723c751e8b465ee728b)
Start importing Assets/Sprites/Tiles/Outdoors/Topdown RPG 32x32 - Bushes 1.1_92.asset using Guid(d82940ecdb84346faafbf638fc1dccc2) Importer(815301076,1909f56bfc062723c751e8b465ee728b) (PreviewImporter) -> (artifact id: 'bc7457fd99af707dbedee08dad5818d6') in 0.001706375 seconds
Number of updated asset objects reloaded before import = 0Number of asset objects unloaded after import = 3

========================================================================
Received Import Request.
  Time since last request: 0.000077 seconds.
  path: Assets/Sprites/Tiles/Outdoors/Topdown RPG 32x32 - Bushes 1.1_98.asset
  artifactKey: Guid(a1a145ffa2ced4b59958aca8f7863d6c) Importer(815301076,1909f56bfc062723c751e8b465ee728b)
Start importing Assets/Sprites/Tiles/Outdoors/Topdown RPG 32x32 - Bushes 1.1_98.asset using Guid(a1a145ffa2ced4b59958aca8f7863d6c) Importer(815301076,1909f56bfc062723c751e8b465ee728b) (PreviewImporter) -> (artifact id: '8cb0a11ed4239a8b548d5bb679503fe2') in 0.001874417 seconds
Number of updated asset objects reloaded before import = 0Number of asset objects unloaded after import = 3

========================================================================
Received Import Request.
  Time since last request: 0.000036 seconds.
  path: Assets/Sprites/Tiles/Outdoors/Topdown RPG 32x32 - Bushes 1.1_107.asset
  artifactKey: Guid(d9f6505af597f44a1b7385c03cd5caac) Importer(815301076,1909f56bfc062723c751e8b465ee728b)
Start importing Assets/Sprites/Tiles/Outdoors/Topdown RPG 32x32 - Bushes 1.1_107.asset using Guid(d9f6505af597f44a1b7385c03cd5caac) Importer(815301076,1909f56bfc062723c751e8b465ee728b) (PreviewImporter) -> (artifact id: '1ae284be8e34fc012c4aef1be11b82e5') in 0.002005334 seconds
Number of updated asset objects reloaded before import = 0Number of asset objects unloaded after import = 3

========================================================================
Received Import Request.
  Time since last request: 0.000112 seconds.
  path: Assets/Sprites/Tiles/Outdoors/Topdown RPG 32x32 - Bushes 1.1_103.asset
  artifactKey: Guid(707fe2f82454c48a28ccc731d42912a8) Importer(815301076,1909f56bfc062723c751e8b465ee728b)
Start importing Assets/Sprites/Tiles/Outdoors/Topdown RPG 32x32 - Bushes 1.1_103.asset using Guid(707fe2f82454c48a28ccc731d42912a8) Importer(815301076,1909f56bfc062723c751e8b465ee728b) (PreviewImporter) -> (artifact id: '1f7230a37f8b0b549c41e1d513310d5c') in 0.00216 seconds
Number of updated asset objects reloaded before import = 0Number of asset objects unloaded after import = 3

========================================================================
Received Import Request.
  Time since last request: 0.000033 seconds.
  path: Assets/Sprites/Tiles/Outdoors/Topdown RPG 32x32 - Bushes 1.1_95.asset
  artifactKey: Guid(0ff89bf395cb645d2bb32241b5166664) Importer(815301076,1909f56bfc062723c751e8b465ee728b)
Start importing Assets/Sprites/Tiles/Outdoors/Topdown RPG 32x32 - Bushes 1.1_95.asset using Guid(0ff89bf395cb645d2bb32241b5166664) Importer(815301076,1909f56bfc062723c751e8b465ee728b) (PreviewImporter) -> (artifact id: 'b4167af9229cabb46121e670f01cb51c') in 0.002339667 seconds
Number of updated asset objects reloaded before import = 0Number of asset objects unloaded after import = 3

========================================================================
Received Import Request.
  Time since last request: 0.000045 seconds.
  path: Assets/Sprites/Tiles/Outdoors/Topdown RPG 32x32 - Bushes 1.1_97.asset
  artifactKey: Guid(b0e22b836c7a34c0ca2d99c53048fc8c) Importer(815301076,1909f56bfc062723c751e8b465ee728b)
Start importing Assets/Sprites/Tiles/Outdoors/Topdown RPG 32x32 - Bushes 1.1_97.asset using Guid(b0e22b836c7a34c0ca2d99c53048fc8c) Importer(815301076,1909f56bfc062723c751e8b465ee728b) (PreviewImporter) -> (artifact id: '19dad3d09e4fd5ce6a26c7cc697af8a8') in 0.002032083 seconds
Number of updated asset objects reloaded before import = 0Number of asset objects unloaded after import = 3

========================================================================
Received Import Request.
  Time since last request: 0.212267 seconds.
  path: Assets/Sprites/Tiles/Outdoors/Topdown RPG 32x32 - Bushes 1.1_109.asset
  artifactKey: Guid(feaa55c071501468895fe482a094baa6) Importer(815301076,1909f56bfc062723c751e8b465ee728b)
Start importing Assets/Sprites/Tiles/Outdoors/Topdown RPG 32x32 - Bushes 1.1_109.asset using Guid(feaa55c071501468895fe482a094baa6) Importer(815301076,1909f56bfc062723c751e8b465ee728b) (PreviewImporter) -> (artifact id: 'f7b755057b75b796bb59fefb68695716') in 0.002514417 seconds
Number of updated asset objects reloaded before import = 0Number of asset objects unloaded after import = 3

========================================================================
Received Import Request.
  Time since last request: 0.000039 seconds.
  path: Assets/Sprites/Tiles/Outdoors/Topdown RPG 32x32 - Bushes 1.1_113.asset
  artifactKey: Guid(1912d9029deef4d67b14f1c8f544bdea) Importer(815301076,1909f56bfc062723c751e8b465ee728b)
Start importing Assets/Sprites/Tiles/Outdoors/Topdown RPG 32x32 - Bushes 1.1_113.asset using Guid(1912d9029deef4d67b14f1c8f544bdea) Importer(815301076,1909f56bfc062723c751e8b465ee728b) (PreviewImporter) -> (artifact id: '21de6766752050d4322292e3c9f35578') in 0.002101958 seconds
Number of updated asset objects reloaded before import = 0Number of asset objects unloaded after import = 3

========================================================================
Received Import Request.
  Time since last request: 0.000029 seconds.
  path: Assets/Sprites/Tiles/Outdoors/Topdown RPG 32x32 - Bushes 1.1_117.asset
  artifactKey: Guid(fb8765fe4bc7b488ca9658622b60d917) Importer(815301076,1909f56bfc062723c751e8b465ee728b)
Start importing Assets/Sprites/Tiles/Outdoors/Topdown RPG 32x32 - Bushes 1.1_117.asset using Guid(fb8765fe4bc7b488ca9658622b60d917) Importer(815301076,1909f56bfc062723c751e8b465ee728b) (PreviewImporter) -> (artifact id: 'e1016929d6fef1e533a18197fec2ee75') in 0.001867959 seconds
Number of updated asset objects reloaded before import = 0Number of asset objects unloaded after import = 3

========================================================================
Received Import Request.
  Time since last request: 0.001580 seconds.
  path: Assets/Sprites/Tiles/Outdoors/Topdown RPG 32x32 - Bushes 1.1_118.asset
  artifactKey: Guid(7b4036d86a568436389a3e2eea4a546b) Importer(815301076,1909f56bfc062723c751e8b465ee728b)
Start importing Assets/Sprites/Tiles/Outdoors/Topdown RPG 32x32 - Bushes 1.1_118.asset using Guid(7b4036d86a568436389a3e2eea4a546b) Importer(815301076,1909f56bfc062723c751e8b465ee728b) (PreviewImporter) -> (artifact id: '648aee9db83b17ad9ee28412837e589b') in 0.002071833 seconds
Number of updated asset objects reloaded before import = 0Number of asset objects unloaded after import = 3

========================================================================
Received Import Request.
  Time since last request: 0.000040 seconds.
  path: Assets/Sprites/Tiles/Outdoors/Topdown RPG 32x32 - Ground Tileset 1.1_5.asset
  artifactKey: Guid(a5ea62e9f41824f53a81b1ec3c2e22b4) Importer(815301076,1909f56bfc062723c751e8b465ee728b)
Start importing Assets/Sprites/Tiles/Outdoors/Topdown RPG 32x32 - Ground Tileset 1.1_5.asset using Guid(a5ea62e9f41824f53a81b1ec3c2e22b4) Importer(815301076,1909f56bfc062723c751e8b465ee728b) (PreviewImporter) -> (artifact id: '9a331bc6a6d360cd72a0b0aae59dbcd0') in 0.0020975 seconds
Number of updated asset objects reloaded before import = 0Number of asset objects unloaded after import = 3

========================================================================
Received Import Request.
  Time since last request: 0.000033 seconds.
  path: Assets/Sprites/Tiles/Outdoors/Topdown RPG 32x32 - Ground Tileset 1.1_3.asset
  artifactKey: Guid(f126c462a76f9495ab57c0266e31eb4b) Importer(815301076,1909f56bfc062723c751e8b465ee728b)
Start importing Assets/Sprites/Tiles/Outdoors/Topdown RPG 32x32 - Ground Tileset 1.1_3.asset using Guid(f126c462a76f9495ab57c0266e31eb4b) Importer(815301076,1909f56bfc062723c751e8b465ee728b) (PreviewImporter) -> (artifact id: 'd2a3625e5ac493f8f152a5023dbb754c') in 0.002050041 seconds
Number of updated asset objects reloaded before import = 0Number of asset objects unloaded after import = 3

========================================================================
Received Import Request.
  Time since last request: 0.005134 seconds.
  path: Assets/Sprites/Tiles/Outdoors/Topdown RPG 32x32 - Ground Tileset 1.1_7.asset
  artifactKey: Guid(e3c3d188651ee43d0ad5f07c13b03ac3) Importer(815301076,1909f56bfc062723c751e8b465ee728b)
Start importing Assets/Sprites/Tiles/Outdoors/Topdown RPG 32x32 - Ground Tileset 1.1_7.asset using Guid(e3c3d188651ee43d0ad5f07c13b03ac3) Importer(815301076,1909f56bfc062723c751e8b465ee728b) (PreviewImporter) -> (artifact id: 'f6aba1dfa0527edfedd160076f9ad932') in 0.002301292 seconds
Number of updated asset objects reloaded before import = 0Number of asset objects unloaded after import = 3

========================================================================
Received Import Request.
  Time since last request: 0.000054 seconds.
  path: Assets/Sprites/Tiles/Outdoors/Topdown RPG 32x32 - Ground Tileset 1.1_15.asset
  artifactKey: Guid(d0413d76a38fc40e6ac52d128ef15503) Importer(815301076,1909f56bfc062723c751e8b465ee728b)
Start importing Assets/Sprites/Tiles/Outdoors/Topdown RPG 32x32 - Ground Tileset 1.1_15.asset using Guid(d0413d76a38fc40e6ac52d128ef15503) Importer(815301076,1909f56bfc062723c751e8b465ee728b) (PreviewImporter) -> (artifact id: 'df8f6b6ad12da7cd740ba2873afa4096') in 0.002045625 seconds
Number of updated asset objects reloaded before import = 0Number of asset objects unloaded after import = 3

========================================================================
Received Import Request.
  Time since last request: 0.000034 seconds.
  path: Assets/Sprites/Tiles/Outdoors/Topdown RPG 32x32 - Ground Tileset 1.1_10.asset
  artifactKey: Guid(6c5b6b5ae9cb845c79d38a86efd3cb51) Importer(815301076,1909f56bfc062723c751e8b465ee728b)
Start importing Assets/Sprites/Tiles/Outdoors/Topdown RPG 32x32 - Ground Tileset 1.1_10.asset using Guid(6c5b6b5ae9cb845c79d38a86efd3cb51) Importer(815301076,1909f56bfc062723c751e8b465ee728b) (PreviewImporter) -> (artifact id: 'a76e48e3e53e8fab8708a0bb5f98f479') in 0.00195275 seconds
Number of updated asset objects reloaded before import = 0Number of asset objects unloaded after import = 3

========================================================================
Received Import Request.
  Time since last request: 0.008232 seconds.
  path: Assets/Sprites/Tiles/Outdoors/Topdown RPG 32x32 - Ground Tileset 1.1_16.asset
  artifactKey: Guid(3a7d95fac43484461ac0e7c792cafdeb) Importer(815301076,1909f56bfc062723c751e8b465ee728b)
Start importing Assets/Sprites/Tiles/Outdoors/Topdown RPG 32x32 - Ground Tileset 1.1_16.asset using Guid(3a7d95fac43484461ac0e7c792cafdeb) Importer(815301076,1909f56bfc062723c751e8b465ee728b) (PreviewImporter) -> (artifact id: '9721c6edc20ff636edb6a3cbc15d1958') in 0.002102791 seconds
Number of updated asset objects reloaded before import = 0Number of asset objects unloaded after import = 3

========================================================================
Received Import Request.
  Time since last request: 0.000031 seconds.
  path: Assets/Sprites/Tiles/Outdoors/Topdown RPG 32x32 - Ground Tileset 1.1_24.asset
  artifactKey: Guid(fa68a754997c74b459c2ab0872758d02) Importer(815301076,1909f56bfc062723c751e8b465ee728b)
Start importing Assets/Sprites/Tiles/Outdoors/Topdown RPG 32x32 - Ground Tileset 1.1_24.asset using Guid(fa68a754997c74b459c2ab0872758d02) Importer(815301076,1909f56bfc062723c751e8b465ee728b) (PreviewImporter) -> (artifact id: 'eff6cceb4da216207a9be17deb1f00e5') in 0.001679084 seconds
Number of updated asset objects reloaded before import = 0Number of asset objects unloaded after import = 3

========================================================================
Received Import Request.
  Time since last request: 0.000045 seconds.
  path: Assets/Sprites/Tiles/Outdoors/Topdown RPG 32x32 - Ground Tileset 1.1_21.asset
  artifactKey: Guid(d3cfaddec33554927ba12007facb334e) Importer(815301076,1909f56bfc062723c751e8b465ee728b)
Start importing Assets/Sprites/Tiles/Outdoors/Topdown RPG 32x32 - Ground Tileset 1.1_21.asset using Guid(d3cfaddec33554927ba12007facb334e) Importer(815301076,1909f56bfc062723c751e8b465ee728b) (PreviewImporter) -> (artifact id: '8977af3bca20b52bd225d39895c52c0f') in 0.001811875 seconds
Number of updated asset objects reloaded before import = 0Number of asset objects unloaded after import = 3

========================================================================
Received Import Request.
  Time since last request: 0.007094 seconds.
  path: Assets/Sprites/Tiles/Outdoors/Topdown RPG 32x32 - Ground Tileset 1.1_25.asset
  artifactKey: Guid(ea8598fa3df6a44cbbd671e4fc6ef9c9) Importer(815301076,1909f56bfc062723c751e8b465ee728b)
Start importing Assets/Sprites/Tiles/Outdoors/Topdown RPG 32x32 - Ground Tileset 1.1_25.asset using Guid(ea8598fa3df6a44cbbd671e4fc6ef9c9) Importer(815301076,1909f56bfc062723c751e8b465ee728b) (PreviewImporter) -> (artifact id: 'db8873b9d7cd2d070b1dd517e3be3c76') in 0.002162917 seconds
Number of updated asset objects reloaded before import = 0Number of asset objects unloaded after import = 3

========================================================================
Received Import Request.
  Time since last request: 0.000028 seconds.
  path: Assets/Sprites/Tiles/Outdoors/Topdown RPG 32x32 - Ground Tileset 1.1_33.asset
  artifactKey: Guid(d469c960bcac448558d0d636e6f57e34) Importer(815301076,1909f56bfc062723c751e8b465ee728b)
Start importing Assets/Sprites/Tiles/Outdoors/Topdown RPG 32x32 - Ground Tileset 1.1_33.asset using Guid(d469c960bcac448558d0d636e6f57e34) Importer(815301076,1909f56bfc062723c751e8b465ee728b) (PreviewImporter) -> (artifact id: '2dd80616f4516f9cd56438a5af77c250') in 0.002292875 seconds
Number of updated asset objects reloaded before import = 0Number of asset objects unloaded after import = 3

========================================================================
Received Import Request.
  Time since last request: 0.000034 seconds.
  path: Assets/Sprites/Tiles/Outdoors/Topdown RPG 32x32 - Ground Tileset 1.1_32.asset
  artifactKey: Guid(e500adbe0e0e047908bc07306c8caaca) Importer(815301076,1909f56bfc062723c751e8b465ee728b)
Start importing Assets/Sprites/Tiles/Outdoors/Topdown RPG 32x32 - Ground Tileset 1.1_32.asset using Guid(e500adbe0e0e047908bc07306c8caaca) Importer(815301076,1909f56bfc062723c751e8b465ee728b) (PreviewImporter) -> (artifact id: 'b713073bd9a2ce4a173472f71412e945') in 0.002153084 seconds
Number of updated asset objects reloaded before import = 0Number of asset objects unloaded after import = 3

========================================================================
Received Import Request.
  Time since last request: 0.385553 seconds.
  path: Assets/Sprites/Tiles/Outdoors/Topdown RPG 32x32 - Ground Tileset 1.1_34.asset
  artifactKey: Guid(41fd5cac2f23b4352849fbbab52683fb) Importer(815301076,1909f56bfc062723c751e8b465ee728b)
Start importing Assets/Sprites/Tiles/Outdoors/Topdown RPG 32x32 - Ground Tileset 1.1_34.asset using Guid(41fd5cac2f23b4352849fbbab52683fb) Importer(815301076,1909f56bfc062723c751e8b465ee728b) (PreviewImporter) -> (artifact id: 'c1c207b8492213ac065c67f61608b7fd') in 0.002121125 seconds
Number of updated asset objects reloaded before import = 0Number of asset objects unloaded after import = 3

========================================================================
Received Import Request.
  Time since last request: 0.000107 seconds.
  path: Assets/Sprites/Tiles/Outdoors/Topdown RPG 32x32 - Ground Tileset 1.1_41.asset
  artifactKey: Guid(fb380d55853ba42c7b1ca50a76618c22) Importer(815301076,1909f56bfc062723c751e8b465ee728b)
Start importing Assets/Sprites/Tiles/Outdoors/Topdown RPG 32x32 - Ground Tileset 1.1_41.asset using Guid(fb380d55853ba42c7b1ca50a76618c22) Importer(815301076,1909f56bfc062723c751e8b465ee728b) (PreviewImporter) -> (artifact id: '4c453d34b5cddb3f1b2039514dc0ced9') in 0.001936625 seconds
Number of updated asset objects reloaded before import = 0Number of asset objects unloaded after import = 3

========================================================================
Received Import Request.
  Time since last request: 0.000045 seconds.
  path: Assets/Sprites/Tiles/Outdoors/Topdown RPG 32x32 - Ground Tileset 1.1_37.asset
  artifactKey: Guid(980e86ec2c991451b814d556aebaac42) Importer(815301076,1909f56bfc062723c751e8b465ee728b)
Start importing Assets/Sprites/Tiles/Outdoors/Topdown RPG 32x32 - Ground Tileset 1.1_37.asset using Guid(980e86ec2c991451b814d556aebaac42) Importer(815301076,1909f56bfc062723c751e8b465ee728b) (PreviewImporter) -> (artifact id: 'c1cf0cd75cf8438c76e6f5ba351eaa01') in 0.002366958 seconds
Number of updated asset objects reloaded before import = 0Number of asset objects unloaded after import = 3

Editor requested this worker to shutdown with reason: Scaling down because of idle timeout
AssetImportWorker is now disconnected from the server
Process exiting
